Símbolo         Valor Decimal   Valor Hexadecimal
-------         -------------   -----------------
_KERNEL                     0                   0
_VETTAB                   256                 100
_RESET                    512                 200
_APP                    32768                8000
_IOAREA16               65408                FF80
_IOAREA08               65472                FFC0
IVET                    65470                FFBE
TIMDT                   65495                FFD7
INTS                    65496                FFD8
INTE                    65497                FFD9
TECST                   65498                FFDA
TECDT                   65499                FFDB
VISOR                   65500                FFDC
SPEED                     568                 238
TICKCNT                   570                 23A
TICK                      572                 23C
ISR                       574                 23E
FIM_ISR                   626                 272
ISRTIM                    639                 27F
ISRTEC                    663                 297
SPEED_UP                  683                 2AB
SPEED_DOWN                709                 2C5
FIM_ISRTEC                735                 2DF
FIM_ISRTIM                736                 2E0
GETCHAR                   743                 2E7
PUTCHAR                   758                 2F6
__END                     786                 312
PUTMSG                    787                 313
PUTMSG_2                  793                 319
PULA                      819                 333
FIMPUTSMG                 834                 342
CLR_VISOR                 843                 34B
__OUTRO_LED               855                 357
KBHIT                     866                 362
__HIT                     879                 36F
__NOTHIT                  888                 378
GET_TIMER                 893                 37D
CLR_TIMER                 898                 382
GET_TIMER_ON              905                 389
SET_TIMER_ON              914                 392
__SET_PARADO              928                 3A0
__SET_AVANCA              935                 3A7
GET_SPEED                 943                 3AF
